    Blocking waiting for file lock on build directory
   Compiling libc v0.2.186
   Compiling cfg-if v1.0.4
   Compiling once_cell v1.21.4
   Compiling libm v0.2.16
   Compiling bitflags v2.13.0
   Compiling zerocopy v0.8.52
   Compiling memchr v2.8.2
   Compiling serde_core v1.0.228
   Compiling bytes v1.12.0
   Compiling bytemuck v1.25.0
   Compiling itoa v1.0.18
   Compiling stable_deref_trait v1.2.1
   Compiling zerofrom v0.1.8
   Compiling equivalent v1.0.2
   Compiling fnv v1.0.7
   Compiling yoke v0.8.3
   Compiling smallvec v1.15.2
   Compiling pin-project-lite v0.2.17
   Compiling crossbeam-utils v0.8.21
   Compiling futures-core v0.3.32
   Compiling zerovec v0.11.6
   Compiling either v1.16.0
   Compiling jobserver v0.1.34
   Compiling getrandom v0.3.4
   Compiling num-traits v0.2.19
   Compiling rand_core v0.9.5
   Compiling cc v1.2.65
   Compiling crossbeam-epoch v0.9.18
   Compiling log v0.4.33
   Compiling futures-sink v0.3.32
   Compiling zmij v1.0.21
   Compiling crc32fast v1.5.0
   Compiling crossbeam-deque v0.8.6
   Compiling tinystr v0.8.3
   Compiling mio v1.2.1
   Compiling num-complex v0.4.6
   Compiling rayon-core v1.13.0
   Compiling socket2 v0.6.4
   Compiling http v1.4.2
   Compiling rayon v1.12.0
   Compiling ryu v1.0.23
   Compiling litemap v0.8.2
   Compiling serde v1.0.228
   Compiling slab v0.4.12
   Compiling writeable v0.6.3
   Compiling zeroize v1.9.0
   Compiling hashbrown v0.17.1
   Compiling icu_locale_core v2.2.0
   Compiling serde_json v1.0.150
   Compiling tokio v1.52.3
   Compiling openssl-sys v0.9.117
   Compiling futures-channel v0.3.32
   Compiling potential_utf v0.1.5
   Compiling indexmap v2.14.0
   Compiling zerotrie v0.2.4
   Compiling raw-cpuid v11.6.0
   Compiling pulp-wasm-simd-flag v0.1.1
   Compiling utf8_iter v1.0.4
   Compiling foldhash v0.2.0
   Compiling allocator-api2 v0.2.21
   Compiling percent-encoding v2.3.2
   Compiling ppv-lite86 v0.2.21
   Compiling ahash v0.8.12
   Compiling reborrow v0.5.5
   Compiling hashbrown v0.16.1
   Compiling icu_collections v2.2.0
   Compiling darling_core v0.20.11
   Compiling dyn-stack v0.13.2
   Compiling rand_chacha v0.9.0
   Compiling icu_provider v2.2.0
   Compiling rustls-pki-types v1.14.1
   Compiling rand v0.9.4
   Compiling base64 v0.22.1
   Compiling foreign-types-shared v0.1.1
   Compiling byteorder v1.5.0
   Compiling futures-io v0.3.32
   Compiling simd-adler32 v0.3.9
   Compiling futures-task v0.3.32
   Compiling foreign-types v0.3.2
   Compiling openssl v0.10.81
   Compiling icu_properties_data v2.2.0
   Compiling icu_normalizer_data v2.2.0
   Compiling futures-util v0.3.32
   Compiling pulp v0.22.3
   Compiling ring v0.17.14
   Compiling rand_distr v0.5.1
   Compiling num-integer v0.1.46
   Compiling tracing-core v0.1.36
   Compiling adler2 v2.0.1
   Compiling half v2.7.1
   Compiling native-tls v0.2.18
   Compiling miniz_oxide v0.8.9
   Compiling num-bigint v0.4.6
   Compiling tracing v0.1.44
   Compiling icu_properties v2.2.0
   Compiling darling_macro v0.20.11
   Compiling darling v0.20.11
   Compiling icu_normalizer v2.2.0
   Compiling httparse v1.10.1
   Compiling onig_sys v69.9.3
   Compiling http-body v1.0.1
   Compiling aho-corasick v1.1.4
   Compiling regex-syntax v0.8.11
   Compiling zlib-rs v0.6.4
   Compiling openssl-probe v0.2.1
   Compiling thiserror v2.0.18
   Compiling gemm-common v0.19.0
   Compiling idna_adapter v1.2.2
   Compiling derive_builder_core v0.20.2
   Compiling regex-automata v0.4.14
   Compiling tokio-util v0.7.18
   Compiling arrow-buffer v57.3.1
   Compiling form_urlencoded v1.2.2
   Compiling esaxx-rs v0.1.10
   Compiling getrandom v0.2.17
   Compiling try-lock v0.2.5
   Compiling lexical-util v1.0.7
   Compiling iana-time-zone v0.1.65
   Compiling unicode-width v0.2.2
   Compiling atomic-waker v1.1.2
   Compiling untrusted v0.9.0
   Compiling minimal-lexical v0.2.1
   Compiling arrow-schema v57.3.1
   Compiling tower-service v0.3.3
   Compiling h2 v0.4.15
   Compiling flate2 v1.1.9
   Compiling nom v7.1.3
   Compiling arrow-data v57.3.1
   Compiling chrono v0.4.45
   Compiling want v0.3.1
   Compiling castaway v0.2.4
   Compiling derive_builder_macro v0.20.2
   Compiling idna v1.1.0
   Compiling zstd-sys v2.0.16+zstd.1.5.7
   Compiling itertools v0.14.0
   Compiling unicode-segmentation v1.13.3
   Compiling base64 v0.13.1
   Compiling static_assertions v1.1.0
   Compiling compact_str v0.9.1
   Compiling hyper v1.10.1
   Compiling spm_precompiled v0.1.4
   Compiling macro_rules_attribute v0.2.2
   Compiling rustls v0.23.41
   Compiling monostate v0.1.18
   Compiling url v2.5.8
   Compiling onig v6.5.3
   Compiling derive_builder v0.20.2
   Compiling arrow-array v57.3.1
   Compiling rayon-cond v0.4.0
   Compiling rustls-webpki v0.103.13
   Compiling regex v1.12.4
   Compiling portable-atomic v1.13.1
   Compiling gemm-f32 v0.19.0
   Compiling webpki-roots v1.0.8
   Compiling dary_heap v0.3.9
   Compiling sync_wrapper v1.0.2
   Compiling num_cpus v1.17.0
   Compiling unicode-normalization-alignments v0.1.12
   Compiling unicode_categories v0.1.1
   Compiling subtle v2.6.1
   Compiling ipnet v2.12.0
   Compiling tower-layer v0.3.3
   Compiling tower v0.5.3
   Compiling hyper-util v0.1.20
   Compiling gemm-f16 v0.19.0
   Compiling lexical-parse-integer v1.0.6
   Compiling lexical-write-integer v1.0.6
   Compiling tokio-native-tls v0.3.1
   Compiling gemm-f64 v0.19.0
   Compiling gemm-c64 v0.19.0
   Compiling arrow-select v57.3.1
   Compiling gemm-c32 v0.19.0
   Compiling http-body-util v0.1.3
   Compiling socks v0.3.4
   Compiling typed-path v0.12.3
   Compiling option-ext v0.2.0
   Compiling alloc-no-stdlib v2.0.4
   Compiling alloc-stdlib v0.2.4
   Compiling dirs-sys v0.5.0
   Compiling hyper-tls v0.6.0
   Compiling gemm v0.19.0
   Compiling lexical-write-float v1.0.6
   Compiling zip v7.2.0
   Compiling lexical-parse-float v1.0.6
   Compiling tower-http v0.6.11
   Compiling tokenizers v0.22.2
   Compiling serde_urlencoded v0.7.1
   Compiling futures-executor v0.3.32
   Compiling float8 v0.7.0
   Compiling safetensors v0.7.0
   Compiling memmap2 v0.9.11
   Compiling encoding_rs v0.8.35
   Compiling mime v0.3.17
   Compiling base64ct v1.8.3
   Compiling pem-rfc7468 v1.0.0
   Compiling futures v0.3.32
   Compiling flatbuffers v25.12.19
   Compiling lexical-core v1.0.6
   Compiling dirs v6.0.0
   Compiling arrow-ord v57.3.1
   Compiling brotli-decompressor v5.0.3
   Compiling webpki-roots v0.26.11
   Compiling console v0.16.3
   Compiling reqwest v0.12.28
   Compiling console v0.15.11
   Compiling fdeflate v0.3.7
   Compiling ordered-float v2.10.1
   Compiling atoi v2.0.0
   Compiling unit-prefix v0.5.2
   Compiling integer-encoding v3.0.4
   Compiling pxfm v0.1.29
   Compiling bit-vec v0.8.0
   Compiling number_prefix v0.4.0
   Compiling zune-core v0.5.1
   Compiling twox-hash v2.1.2
   Compiling lz4_flex v0.12.2
   Compiling zune-jpeg v0.5.15
   Compiling bit-set v0.8.0
   Compiling indicatif v0.17.11
   Compiling thrift v0.17.0
   Compiling candle-core v0.10.2
   Compiling arrow-cast v57.3.1
   Compiling moxcms v0.8.1
   Compiling zstd-safe v7.2.4
   Compiling zstd v0.13.3
   Compiling indicatif v0.18.4
   Compiling png v0.18.1
   Compiling brotli v8.0.4
   Compiling ureq v2.12.1
   Compiling arrow-ipc v57.3.1
   Compiling der v0.8.0
   Compiling snap v1.1.1
   Compiling ureq-proto v0.6.0
   Compiling webpki-root-certs v1.0.8
   Compiling byteorder-lite v0.1.0
   Compiling simdutf8 v0.1.5
   Compiling utf8-zero v0.8.1
   Compiling parquet v57.3.1
   Compiling ureq v3.3.0
   Compiling image v0.25.10
   Compiling candle-nn v0.10.2
   Compiling hf-hub v0.4.3
   Compiling fancy-regex v0.17.0
   Compiling serde_plain v1.0.2
   Compiling daachorse v1.0.1
   Compiling candle-transformers v0.10.2
   Compiling hf-hub v0.5.0
   Compiling tokenizers v0.23.1
   Compiling candle-datasets v0.10.2
   Compiling llm_envelope v0.1.0 (/home/lordvermiis/Source/Rust/llm_envelope)
    Finished `dev` profile [unoptimized + debuginfo] target(s) in 1m 36s
